// Jest Snapshot v1, https://goo.gl/fbAQLP

exports[`WeekHeaderBox rendering matches snapshot 1`] = `
<View
  style={
    Array [
      Object {
        "alignItems": "center",
        "backgroundColor": "white",
        "borderBottomColor": "black",
        "borderBottomWidth": 1,
        "flex": 1,
        "justifyContent": "center",
      },
      undefined,
    ]
  }
>
  <Text
    accessible={true}
    allowFontScaling={true}
    disabled={false}
    ellipsizeMode="tail"
    style={
      Array [
        Object {
          "textAlign": "center",
        },
        undefined,
      ]
    }
  >
    Mo
  </Text>
</View>
`;
